C51 COMPILER V9.60.7.0   KEY                                                               08/21/2025 09:49:25 PAGE 1   


C51 COMPILER V9.60.7.0, COMPILATION OF MODULE KEY
OBJECT MODULE PLACED IN .\Objects\Key.obj
COMPILER INVOKED BY: D:\Keil_v5\C51\BIN\C51.EXE Key.c OPTIMIZE(8,SPEED) BROWSE DEBUG OBJECTEXTEND PRINT(.\Listings\Key.l
                    -st) OBJECT(.\Objects\Key.obj)

line level    source

   1          #include <REGX52.H>
   2          #include "Delay.h"
   3          
   4          #define ROW 4
   5          
   6          unsigned char Key(void)
   7          {
   8   1              unsigned char i;
   9   1              for(i = 0; i < ROW; ++i)
  10   1              {
  11   2                      if(!(P3 & (1 << i)))
  12   2                      {
  13   3                              Delay(5);
  14   3                              if(!(P3 & (1 << i)))
  15   3                              {
  16   4                                      while(!(P3 & (1 << i)));
  17   4                                      return i + 1;
  18   4                              }
  19   3                      }
  20   2              }
  21   1              
  22   1              return 0;
  23   1      }


MODULE INFORMATION:   STATIC OVERLAYABLE
   CODE SIZE        =     95    ----
   CONSTANT SIZE    =   ----    ----
   XDATA SIZE       =   ----    ----
   PDATA SIZE       =   ----    ----
   DATA SIZE        =   ----       1
   IDATA SIZE       =   ----    ----
   BIT SIZE         =   ----    ----
END OF MODULE INFORMATION.


C51 COMPILATION COMPLETE.  0 WARNING(S),  0 ERROR(S)
