C51 COMPILER V9.60.7.0   DS1302                                                            08/20/2025 22:29:19 PAGE 1   


C51 COMPILER V9.60.7.0, COMPILATION OF MODULE DS1302
OBJECT MODULE PLACED IN .\Objects\DS1302.obj
COMPILER INVOKED BY: D:\Keil_v5\C51\BIN\C51.EXE DS1302.c OPTIMIZE(8,SPEED) BROWSE DEBUG OBJECTEXTEND PRINT(.\Listings\DS
                    -1302.lst) OBJECT(.\Objects\DS1302.obj)

line level    source

   1          #include <REGX52.H>
   2          #include "DS1302.H"
   3          
   4          #define DS1302_SECONDS_WADDR    0x80
   5          #define DS1302_MINUTES_WADDR    0x82
   6          #define DS1302_HOUR_WADDR               0x84
   7          #define DS1302_DATE_WADDR               0x86
   8          #define DS1302_MONTH_WADDR              0x88
   9          #define DS1302_DAY_WADDR                0x8A
  10          #define DS1302_YEAR_WADDR               0x8C
  11          #define DS1302_WP_WADDR                 0x8E
  12          
  13          sbit DS1302_CE = P3^5;
  14          sbit DS1302_IO = P3^4;
  15          sbit DS1302_SCLK = P3^6;
  16          
  17          unsigned char Command[] = {DS1302_YEAR_WADDR, DS1302_MONTH_WADDR, DS1302_DATE_WADDR, DS1302_HOUR_WADDR, DS
             -1302_MINUTES_WADDR, DS1302_SECONDS_WADDR};
  18          void DS1302_Init()
  19          {
  20   1              unsigned char sec;
  21   1              
  22   1          DS1302_WriteByte(DS1302_WP_WADDR, 0x00);
  23   1              
  24   1              for(sec = 0; sec < sizeof(Command); ++sec)
  25   1              {
  26   2                      DS1302_WriteByte(Command[sec], DecToBcd(Time[sec]));
  27   2              }
  28   1              
  29   1              DS1302_WriteByte(DS1302_WP_WADDR, 0x80);
  30   1      }
  31          
  32          unsigned char DecToBcd(unsigned char Dec_Data)
  33          {
  34   1              return ((Dec_Data / 10) << 4) | (Dec_Data % 10);
  35   1      }
  36          
  37          unsigned char BcdToDec(unsigned char Bcd_Data)
  38          {
  39   1              return (Bcd_Data >> 4) * 10 + (Bcd_Data & 0x0F);
  40   1      }
  41          
  42          void DS1302_WriteByte(unsigned char Command, unsigned char Data)
  43          {
  44   1              unsigned char i;
  45   1              
  46   1              DS1302_CE = 0;
  47   1          DS1302_SCLK = 0;
  48   1          DS1302_CE = 1;
  49   1              
  50   1              for(i = 0; i < 8; ++i)
  51   1              {
  52   2                      DS1302_IO = Command & (1 << i);
  53   2                      DS1302_SCLK = 1;
C51 COMPILER V9.60.7.0   DS1302                                                            08/20/2025 22:29:19 PAGE 2   

  54   2                      DS1302_SCLK = 0;
  55   2              }
  56   1              
  57   1              for(i = 0; i < 8; ++i)
  58   1              {
  59   2                      DS1302_IO = Data & (1 << i);
  60   2                      DS1302_SCLK = 1;
  61   2                      DS1302_SCLK = 0;
  62   2              }
  63   1              
  64   1              DS1302_CE = 0;
  65   1      }
  66          
  67          unsigned char DS1302_ReadByte(unsigned char Command)
  68          {
  69   1              unsigned char i, Read_Data = 0;
  70   1              
  71   1              DS1302_CE = 0;
  72   1          DS1302_SCLK = 0;
  73   1          DS1302_CE = 1;
  74   1              
  75   1              for(i = 0; i < 8; ++i)
  76   1              {
  77   2                      DS1302_IO = Command & (1 << i);
  78   2                      DS1302_SCLK = 0;
  79   2                      DS1302_SCLK = 1;
  80   2              }
  81   1              
  82   1              DS1302_IO = 1;
  83   1              
  84   1              for(i = 0; i < 8; ++i)
  85   1              {
  86   2                      DS1302_SCLK = 1;
  87   2                      DS1302_SCLK = 0;
  88   2                      if(DS1302_IO) Read_Data |= 1 << i;
  89   2              }
  90   1              
  91   1              DS1302_CE = 0;
  92   1              DS1302_IO = 0;
  93   1              
  94   1              return Read_Data;
  95   1      }
  96          
  97          void SetTime()
  98          {
  99   1              DS1302_WriteByte(0x8E, 0x00);
 100   1              
 101   1              DS1302_WriteByte(DS1302_SECONDS_WADDR, DecToBcd(Time[SECONDS])); // 秒 (清除CH位)
 102   1          DS1302_WriteByte(DS1302_MINUTES_WADDR, DecToBcd(Time[MINUTES]));       // 分
 103   1          DS1302_WriteByte(DS1302_HOUR_WADDR, DecToBcd(Time[HOUR]));           // 时
 104   1          DS1302_WriteByte(DS1302_DATE_WADDR, DecToBcd(Time[DATE]));          // 日
 105   1          DS1302_WriteByte(DS1302_MONTH_WADDR , DecToBcd(Time[MONTH]));         // 月
 106   1          DS1302_WriteByte(DS1302_YEAR_WADDR, DecToBcd(Time[YEAR]));           // 年 
 107   1              
 108   1              DS1302_WriteByte(0x8E, 0x80);
 109   1      }
 110          
 111          void ReadTime()
 112          {
 113   1              Time[SECONDS] = BcdToDec(DS1302_ReadByte(0x81));
 114   1              Time[MINUTES] = BcdToDec(DS1302_ReadByte(0x83));
 115   1              Time[HOUR] = BcdToDec(DS1302_ReadByte(0x85));
C51 COMPILER V9.60.7.0   DS1302                                                            08/20/2025 22:29:19 PAGE 3   

 116   1              Time[DATE] = BcdToDec(DS1302_ReadByte(0x87));
 117   1              Time[MONTH] = BcdToDec(DS1302_ReadByte(0x89));
 118   1              Time[YEAR] = BcdToDec(DS1302_ReadByte(0x8D));
 119   1      }


MODULE INFORMATION:   STATIC OVERLAYABLE
   CODE SIZE        =    392    ----
   CONSTANT SIZE    =   ----    ----
   XDATA SIZE       =   ----    ----
   PDATA SIZE       =   ----    ----
   DATA SIZE        =      6       1
   IDATA SIZE       =   ----    ----
   BIT SIZE         =   ----    ----
END OF MODULE INFORMATION.


C51 COMPILATION COMPLETE.  0 WARNING(S),  0 ERROR(S)
