C51 COMPILER V9.60.7.0   MYLCD1602                                                         09/10/2025 21:34:11 PAGE 1   


C51 COMPILER V9.60.7.0, COMPILATION OF MODULE MYLCD1602
OBJECT MODULE PLACED IN .\Objects\MyLCD1602.obj
COMPILER INVOKED BY: D:\Keil_v5\C51\BIN\C51.EXE MyLCD1602.c OPTIMIZE(8,SPEED) BROWSE DEBUG OBJECTEXTEND PRINT(.\Listings
                    -\MyLCD1602.lst) OBJECT(.\Objects\MyLCD1602.obj)

line level    source

   1          #include <REGX52.H>
   2          
   3          sbit LCD_RS = P2^6;
   4          sbit LCD_RW = P2^5;
   5          sbit LCD_EN = P2^7;
   6          
   7          #define LCD_DATAPROT P0
   8          
   9          void LCD_Delay(void)    //@11.0592MHz
  10          {
  11   1              unsigned char data i, j;
  12   1      
  13   1              i = 2;
  14   1              j = 199;
  15   1              do
  16   1              {
  17   2                      while (--j);
  18   2              } while (--i);
  19   1      }
  20          
  21          void LCD_WriteCommand(unsigned char Command)
  22          {
  23   1              LCD_RS = 0;
  24   1              LCD_RW = 0;
  25   1              LCD_DATAPROT = Command;
  26   1              LCD_EN = 1;
  27   1              LCD_Delay();
  28   1              LCD_EN = 0;
  29   1              LCD_Delay();
  30   1      }
  31          
  32          void LCD_WriteData(unsigned char Data)
  33          {
  34   1              LCD_RS = 1;
  35   1              LCD_RW = 0;
  36   1              LCD_DATAPROT = Data;
  37   1              LCD_EN = 1;
  38   1              LCD_Delay();
  39   1              LCD_EN = 0;
  40   1              LCD_Delay();
  41   1      }
  42          
  43          void LCD_Init(void)
  44          {
  45   1              LCD_WriteCommand(0x38);
  46   1              LCD_WriteCommand(0x0C);
  47   1              LCD_WriteCommand(0x06);
  48   1              LCD_WriteCommand(0x01);
  49   1      }
  50          
  51          void LCD_ClearScreen(void)
  52          {
  53   1              LCD_WriteCommand(0x01);
  54   1      }
C51 COMPILER V9.60.7.0   MYLCD1602                                                         09/10/2025 21:34:11 PAGE 2   

  55          
  56          void LCD_SetCursor(unsigned char Line, unsigned char Column)
  57          {
  58   1              if(Line == 1 || Line == 2)      
  59   1                      LCD_WriteCommand(0x80 | (0x40 * (Line - 1) + (Column - 1)));
  60   1      }
  61          
  62          void LCD_ShowChar(unsigned char Line, unsigned char Column, unsigned char Char)
  63          {
  64   1              LCD_SetCursor(Line, Column);
  65   1              LCD_WriteData(Char);
  66   1      }
  67          
  68          void LCD_ShowString(unsigned char Line, unsigned char Column, unsigned char * Str)
  69          {
  70   1              unsigned char i;
  71   1              LCD_SetCursor(Line, Column);
  72   1              
  73   1              for(i = 0; Str[i]; ++i)
  74   1              {
  75   2                      LCD_WriteData(Str[i]);
  76   2              }
  77   1      }
  78          
  79          unsigned int LCD_Pow(unsigned char X, unsigned char Y)
  80          {
  81   1              unsigned int Result = 1;
  82   1              while(Y--)
  83   1              {
  84   2                      Result*=X;
  85   2              }
  86   1              return Result;
  87   1      }
  88          
  89          void LCD_ShowNum(unsigned char Line, unsigned char Column, unsigned int Num, unsigned char Length)
  90          {
  91   1              unsigned char i;
  92   1              LCD_SetCursor(Line, Column);
  93   1              
  94   1              for(i = Length; i > 0; --i)
  95   1              {
  96   2                      LCD_WriteData(0x30 | (Num / LCD_Pow(10, i - 1) % 10));
  97   2              }
  98   1      }
  99          
 100          void LCD_ShowSignedNum(unsigned char Line, unsigned char Column, int Num, unsigned char Length)
 101          {
 102   1              unsigned char i;
 103   1              unsigned int Number;
 104   1              LCD_SetCursor(Line, Column);
 105   1              if(Num < 0)
 106   1              {
 107   2                      LCD_WriteData('-');
 108   2                      Number = -Num;
 109   2              }else
 110   1              {
 111   2                      LCD_WriteData('+');
 112   2                      Number = Num;
 113   2              }
 114   1              
 115   1              for(i = Length; i > 0; --i)
 116   1              {
C51 COMPILER V9.60.7.0   MYLCD1602                                                         09/10/2025 21:34:11 PAGE 3   

 117   2                      LCD_WriteData(0x30 | (Number / LCD_Pow(10, i - 1) % 10));
 118   2              }
 119   1      }
 120          
 121          void LCD_ShowBinNum(unsigned char Line, unsigned char Column, int Num, unsigned char Length)
 122          {
 123   1              unsigned char i;
 124   1              LCD_SetCursor(Line, Column);
 125   1              for(i = Length; i > 0; --i)
 126   1              {
 127   2                      LCD_WriteData(0x30 | (Num / (0x01 << (i - 1)) % 2));
 128   2              }
 129   1      }
 130          
 131          void LCD_ShowHexNum(unsigned char Line, unsigned char Column, int Num, unsigned char Length)
 132          {
 133   1              unsigned char i, Number, shift;
 134   1              LCD_SetCursor(Line, Column);
 135   1              for(i = Length; i > 0; --i)
 136   1              {
 137   2                      shift = (i - 1) << 2;
 138   2                      Number = (Num >> shift) & 0x0F;
 139   2                      
 140   2                      if(Number <= 9)
 141   2                      {
 142   3                              Number = '0' + Number;
 143   3                      }else
 144   2                      {
 145   3                              Number = 'A' - 10 + Number;
 146   3                      }
 147   2                      
 148   2                      LCD_WriteData(Number);
 149   2              }
 150   1      }


MODULE INFORMATION:   STATIC OVERLAYABLE
   CODE SIZE        =    389    ----
   CONSTANT SIZE    =   ----    ----
   XDATA SIZE       =   ----    ----
   PDATA SIZE       =   ----    ----
   DATA SIZE        =   ----      26
   IDATA SIZE       =   ----    ----
   BIT SIZE         =   ----    ----
END OF MODULE INFORMATION.


C51 COMPILATION COMPLETE.  0 WARNING(S),  0 ERROR(S)
